alacritty
autoconf
automake
baobab
base
bc
binutils
bison
blueman
bluez
bluez-utils
cheese
chromium
dart
dbeaver
dialog
discord
dkms
dmenu
dnsmasq
docker
docker-compose
efibootmgr
eog
epiphany
evince
fakeroot
file
file-roller
filezilla
findutils
firefox
flex
gamemode
gawk
gcc
gdm
geary
gedit
gettext
git
github-cli
glmark2
gnome-backgrounds
gnome-calculator
gnome-calendar
gnome-characters
gnome-clocks
gnome-color-manager
gnome-contacts
gnome-control-center
gnome-font-viewer
gnome-keyring
gnome-logs
gnome-maps
gnome-menus
gnome-music
gnome-photos
gnome-remote-desktop
gnome-screenshot
gnome-shell-extensions
gnome-software
gnome-software-packagekit-plugin
gnome-system-monitor
gnome-terminal
gnome-user-docs
gnome-user-share
gnome-video-effects
gnome-weather
gradle
grep
grilo-plugins
grim
groff
grub
gsimplecal
gvfs
gvfs-afc
gvfs-goa
gvfs-google
gvfs-gphoto2
gvfs-mtp
gvfs-nfs
gvfs-smb
gzip
htop
imv
iptables-nft
jenkins
kanshi
kitty
lib32-gamemode
libreoffice-fresh
libtool
light
linux
linux-firmware
linux-headers
linux-zen
linux-zen-headers
lynx
m4
make
mako
man-db
maven
minikube
mpv
mtools
mupdf
nautilus
ncdu
neofetch
neovim
network-manager-applet
networkmanager
networkmanager-openconnect
noto-fonts-emoji
openbsd-netcat
openconnect
orca
os-prober
pacman
pacman-contrib
pamixer
papirus-icon-theme
patch
pavucontrol
pinta
pkgconf
playerctl
postgresql
qbittorrent
qemu-full
qopenvpn
ranger
rdesktop
reflector
remmina
ripgrep
rmlint
rygel
sed
simple-scan
slurp
snapper
sshpass
steam
steam-native-runtime
sudo
sushi
sway
swayidle
telegram-desktop
texinfo
tmux
tor
torbrowser-launcher
totem
traceroute
translate-shell
ttf-arphic-uming
ttf-hack
unrar
vifm
vim
virt-manager
virtualbox
vkmark
vulkan-radeon
vulkan-tools
w3m
warpinator
waybar
wayvnc
wf-recorder
which
wine
wine-gecko
winetricks
wireguard-tools
wireless_tools
wl-clipboard
wmname
woff2
wofi
wpa_supplicant
xapp
xdg-desktop-portal
xdg-user-dirs-gtk
xdotool
yarn
ydotool
yelp
z3
zita-alsa-pcmi
zsh
